Archive member included to satisfy reference by file (symbol)

c:/st/stm32cubeide_1.7.0/stm32cubeide/plugins/com.st.stm32cube.ide.mcu.externaltools.gnu-tools-for-stm32.9-2020-q2-update.win32_2.0.0.202105311346/tools/bin/../lib/gcc/arm-none-eabi/9.3.1/../../../../arm-none-eabi/lib/thumb/v7e-m+fp/hard\libc_nano.a(lib_a-errno.o)
                              ./Src/syscalls.o (__errno)
c:/st/stm32cubeide_1.7.0/stm32cubeide/plugins/com.st.stm32cube.ide.mcu.externaltools.gnu-tools-for-stm32.9-2020-q2-update.win32_2.0.0.202105311346/tools/bin/../lib/gcc/arm-none-eabi/9.3.1/../../../../arm-none-eabi/lib/thumb/v7e-m+fp/hard\libc_nano.a(lib_a-exit.o)
                              c:/st/stm32cubeide_1.7.0/stm32cubeide/plugins/com.st.stm32cube.ide.mcu.externaltools.gnu-tools-for-stm32.9-2020-q2-update.win32_2.0.0.202105311346/tools/bin/../lib/gcc/arm-none-eabi/9.3.1/../../../../arm-none-eabi/lib/thumb/v7e-m+fp/hard/crt0.o (exit)
c:/st/stm32cubeide_1.7.0/stm32cubeide/plugins/com.st.stm32cube.ide.mcu.externaltools.gnu-tools-for-stm32.9-2020-q2-update.win32_2.0.0.202105311346/tools/bin/../lib/gcc/arm-none-eabi/9.3.1/../../../../arm-none-eabi/lib/thumb/v7e-m+fp/hard\libc_nano.a(lib_a-impure.o)
                              c:/st/stm32cubeide_1.7.0/stm32cubeide/plugins/com.st.stm32cube.ide.mcu.externaltools.gnu-tools-for-stm32.9-2020-q2-update.win32_2.0.0.202105311346/tools/bin/../lib/gcc/arm-none-eabi/9.3.1/../../../../arm-none-eabi/lib/thumb/v7e-m+fp/hard\libc_nano.a(lib_a-exit.o) (_global_impure_ptr)
c:/st/stm32cubeide_1.7.0/stm32cubeide/plugins/com.st.stm32cube.ide.mcu.externaltools.gnu-tools-for-stm32.9-2020-q2-update.win32_2.0.0.202105311346/tools/bin/../lib/gcc/arm-none-eabi/9.3.1/../../../../arm-none-eabi/lib/thumb/v7e-m+fp/hard\libc_nano.a(lib_a-init.o)
                              c:/st/stm32cubeide_1.7.0/stm32cubeide/plugins/com.st.stm32cube.ide.mcu.externaltools.gnu-tools-for-stm32.9-2020-q2-update.win32_2.0.0.202105311346/tools/bin/../lib/gcc/arm-none-eabi/9.3.1/../../../../arm-none-eabi/lib/thumb/v7e-m+fp/hard/crt0.o (__libc_init_array)
c:/st/stm32cubeide_1.7.0/stm32cubeide/plugins/com.st.stm32cube.ide.mcu.externaltools.gnu-tools-for-stm32.9-2020-q2-update.win32_2.0.0.202105311346/tools/bin/../lib/gcc/arm-none-eabi/9.3.1/../../../../arm-none-eabi/lib/thumb/v7e-m+fp/hard\libc_nano.a(lib_a-memset.o)
                              c:/st/stm32cubeide_1.7.0/stm32cubeide/plugins/com.st.stm32cube.ide.mcu.externaltools.gnu-tools-for-stm32.9-2020-q2-update.win32_2.0.0.202105311346/tools/bin/../lib/gcc/arm-none-eabi/9.3.1/../../../../arm-none-eabi/lib/thumb/v7e-m+fp/hard/crt0.o (memset)
c:/st/stm32cubeide_1.7.0/stm32cubeide/plugins/com.st.stm32cube.ide.mcu.externaltools.gnu-tools-for-stm32.9-2020-q2-update.win32_2.0.0.202105311346/tools/bin/../lib/gcc/arm-none-eabi/9.3.1/../../../../arm-none-eabi/lib/thumb/v7e-m+fp/hard\libc_nano.a(lib_a-strlen.o)
                              ./Src/main.o (strlen)
c:/st/stm32cubeide_1.7.0/stm32cubeide/plugins/com.st.stm32cube.ide.mcu.externaltools.gnu-tools-for-stm32.9-2020-q2-update.win32_2.0.0.202105311346/tools/bin/../lib/gcc/arm-none-eabi/9.3.1/thumb/v7e-m+fp/hard\libgcc.a(_arm_muldf3.o)
                              ./Src/display.o (__aeabi_dmul)
c:/st/stm32cubeide_1.7.0/stm32cubeide/plugins/com.st.stm32cube.ide.mcu.externaltools.gnu-tools-for-stm32.9-2020-q2-update.win32_2.0.0.202105311346/tools/bin/../lib/gcc/arm-none-eabi/9.3.1/thumb/v7e-m+fp/hard\libgcc.a(_arm_muldivdf3.o)
                              ./Src/display.o (__aeabi_ddiv)
c:/st/stm32cubeide_1.7.0/stm32cubeide/plugins/com.st.stm32cube.ide.mcu.externaltools.gnu-tools-for-stm32.9-2020-q2-update.win32_2.0.0.202105311346/tools/bin/../lib/gcc/arm-none-eabi/9.3.1/thumb/v7e-m+fp/hard\libgcc.a(_arm_cmpdf2.o)
                              ./Src/display.o (__aeabi_dcmplt)
c:/st/stm32cubeide_1.7.0/stm32cubeide/plugins/com.st.stm32cube.ide.mcu.externaltools.gnu-tools-for-stm32.9-2020-q2-update.win32_2.0.0.202105311346/tools/bin/../lib/gcc/arm-none-eabi/9.3.1/thumb/v7e-m+fp/hard\libgcc.a(_arm_fixunsdfsi.o)
                              ./Src/display.o (__aeabi_d2uiz)

Allocating common symbols
Common symbol       size              file

pole                0x4               ./Src/display.o
saved_time          0x8               ./Src/main.o

Discarded input sections

 .text          0x0000000000000000        0x0 c:/st/stm32cubeide_1.7.0/stm32cubeide/plugins/com.st.stm32cube.ide.mcu.externaltools.gnu-tools-for-stm32.9-2020-q2-update.win32_2.0.0.202105311346/tools/bin/../lib/gcc/arm-none-eabi/9.3.1/thumb/v7e-m+fp/hard/crti.o
 .data          0x0000000000000000        0x0 c:/st/stm32cubeide_1.7.0/stm32cubeide/plugins/com.st.stm32cube.ide.mcu.externaltools.gnu-tools-for-stm32.9-2020-q2-update.win32_2.0.0.202105311346/tools/bin/../lib/gcc/arm-none-eabi/9.3.1/thumb/v7e-m+fp/hard/crti.o
[...]
Memory Configuration

Name             Origin             Length             Attributes
FLASH            0x0000000008000000 0x0000000000010000 xr
CCMRAM           0x0000000010000000 0x0000000000001000 xrw
RAM              0x0000000020000000 0x0000000000003000 xrw
*default*        0x0000000000000000 0xffffffffffffffff

Linker script and memory map

LOAD c:/st/stm32cubeide_1.7.0/stm32cubeide/plugins/com.st.stm32cube.ide.mcu.externaltools.gnu-tools-for-stm32.9-2020-q2-update.win32_2.0.0.202105311346/tools/bin/../lib/gcc/arm-none-eabi/9.3.1/thumb/v7e-m+fp/hard/crti.o
LOAD c:/st/stm32cubeide_1.7.0/stm32cubeide/plugins/com.st.stm32cube.ide.mcu.externaltools.gnu-tools-for-stm32.9-2020-q2-update.win32_2.0.0.202105311346/tools/bin/../lib/gcc/arm-none-eabi/9.3.1/thumb/v7e-m+fp/hard/crtbegin.o
LOAD c:/st/stm32cubeide_1.7.0/stm32cubeide/plugins/com.st.stm32cube.ide.mcu.externaltools.gnu-tools-for-stm32.9-2020-q2-update.win32_2.0.0.202105311346/tools/bin/../lib/gcc/arm-none-eabi/9.3.1/../../../../arm-none-eabi/lib/thumb/v7e-m+fp/hard/crt0.o
LOAD ./Drivers/STM32F3xx_HAL_Driver/Src/stm32f3xx_ll_exti.o
LOAD ./Drivers/STM32F3xx_HAL_Driver/Src/stm32f3xx_ll_gpio.o
LOAD ./Drivers/STM32F3xx_HAL_Driver/Src/stm32f3xx_ll_rcc.o
LOAD ./Drivers/STM32F3xx_HAL_Driver/Src/stm32f3xx_ll_tim.o
LOAD ./Drivers/STM32F3xx_HAL_Driver/Src/stm32f3xx_ll_utils.o
LOAD ./Src/display.o
LOAD ./Src/gpio.o
LOAD ./Src/main.o
LOAD ./Src/stm32f3xx_it.o
LOAD ./Src/syscalls.o
LOAD ./Src/sysmem.o
LOAD ./Src/system_stm32f3xx.o
LOAD ./Src/tim.o
LOAD ./Startup/startup_stm32f303k8tx.o
START GROUP
LOAD c:/st/stm32cubeide_1.7.0/stm32cubeide/plugins/com.st.stm32cube.ide.mcu.externaltools.gnu-tools-for-stm32.9-2020-q2-update.win32_2.0.0.202105311346/tools/bin/../lib/gcc/arm-none-eabi/9.3.1/../../../../arm-none-eabi/lib/thumb/v7e-m+fp/hard\libc_nano.a
LOAD c:/st/stm32cubeide_1.7.0/stm32cubeide/plugins/com.st.stm32cube.ide.mcu.externaltools.gnu-tools-for-stm32.9-2020-q2-update.win32_2.0.0.202105311346/tools/bin/../lib/gcc/arm-none-eabi/9.3.1/../../../../arm-none-eabi/lib/thumb/v7e-m+fp/hard\libm.a
END GROUP
START GROUP
LOAD c:/st/stm32cubeide_1.7.0/stm32cubeide/plugins/com.st.stm32cube.ide.mcu.externaltools.gnu-tools-for-stm32.9-2020-q2-update.win32_2.0.0.202105311346/tools/bin/../lib/gcc/arm-none-eabi/9.3.1/thumb/v7e-m+fp/hard\libgcc.a
LOAD c:/st/stm32cubeide_1.7.0/stm32cubeide/plugins/com.st.stm32cube.ide.mcu.externaltools.gnu-tools-for-stm32.9-2020-q2-update.win32_2.0.0.202105311346/tools/bin/../lib/gcc/arm-none-eabi/9.3.1/../../../../arm-none-eabi/lib/thumb/v7e-m+fp/hard\libc_nano.a
END GROUP
START GROUP
LOAD c:/st/stm32cubeide_1.7.0/stm32cubeide/plugins/com.st.stm32cube.ide.mcu.externaltools.gnu-tools-for-stm32.9-2020-q2-update.win32_2.0.0.202105311346/tools/bin/../lib/gcc/arm-none-eabi/9.3.1/thumb/v7e-m+fp/hard\libgcc.a
LOAD c:/st/stm32cubeide_1.7.0/stm32cubeide/plugins/com.st.stm32cube.ide.mcu.externaltools.gnu-tools-for-stm32.9-2020-q2-update.win32_2.0.0.202105311346/tools/bin/../lib/gcc/arm-none-eabi/9.3.1/../../../../arm-none-eabi/lib/thumb/v7e-m+fp/hard\libc_nano.a
LOAD c:/st/stm32cubeide_1.7.0/stm32cubeide/plugins/com.st.stm32cube.ide.mcu.externaltools.gnu-tools-for-stm32.9-2020-q2-update.win32_2.0.0.202105311346/tools/bin/../lib/gcc/arm-none-eabi/9.3.1/../../../../arm-none-eabi/lib/thumb/v7e-m+fp/hard\libnosys.a
END GROUP
START GROUP
LOAD c:/st/stm32cubeide_1.7.0/stm32cubeide/plugins/com.st.stm32cube.ide.mcu.externaltools.gnu-tools-for-stm32.9-2020-q2-update.win32_2.0.0.202105311346/tools/bin/../lib/gcc/arm-none-eabi/9.3.1/thumb/v7e-m+fp/hard\libgcc.a
LOAD c:/st/stm32cubeide_1.7.0/stm32cubeide/plugins/com.st.stm32cube.ide.mcu.externaltools.gnu-tools-for-stm32.9-2020-q2-update.win32_2.0.0.202105311346/tools/bin/../lib/gcc/arm-none-eabi/9.3.1/../../../../arm-none-eabi/lib/thumb/v7e-m+fp/hard\libc_nano.a
LOAD c:/st/stm32cubeide_1.7.0/stm32cubeide/plugins/com.st.stm32cube.ide.mcu.externaltools.gnu-tools-for-stm32.9-2020-q2-update.win32_2.0.0.202105311346/tools/bin/../lib/gcc/arm-none-eabi/9.3.1/../../../../arm-none-eabi/lib/thumb/v7e-m+fp/hard\libnosys.a
END GROUP
LOAD c:/st/stm32cubeide_1.7.0/stm32cubeide/plugins/com.st.stm32cube.ide.mcu.externaltools.gnu-tools-for-stm32.9-2020-q2-update.win32_2.0.0.202105311346/tools/bin/../lib/gcc/arm-none-eabi/9.3.1/thumb/v7e-m+fp/hard/crtend.o
LOAD c:/st/stm32cubeide_1.7.0/stm32cubeide/plugins/com.st.stm32cube.ide.mcu.externaltools.gnu-tools-for-stm32.9-2020-q2-update.win32_2.0.0.202105311346/tools/bin/../lib/gcc/arm-none-eabi/9.3.1/thumb/v7e-m+fp/hard/crtn.o
                0x0000000020003000                _estack = 0x20003000
                0x0000000000000200                _Min_Heap_Size = 0x200
                0x0000000000000400                _Min_Stack_Size = 0x400

.isr_vector     0x0000000008000000      0x188
                0x0000000008000000                . = ALIGN (0x4)
 *(.isr_vector)
 .isr_vector    0x0000000008000000      0x188 ./Startup/startup_stm32f303k8tx.o
                0x0000000008000000                g_pfnVectors
                0x0000000008000188                . = ALIGN (0x4)

.text           0x0000000008000188     0x26f0
                0x0000000008000188                . = ALIGN (0x4)
 *(.text)
 .text          0x0000000008000188       0x40 c:/st/stm32cubeide_1.7.0/stm32cubeide/plugins/com.st.stm32cube.ide.mcu.externaltools.gnu-tools-for-stm32.9-2020-q2-update.win32_2.0.0.202105311346/tools/bin/../lib/gcc/arm-none-eabi/9.3.1/thumb/v7e-m+fp/hard/crtbegin.o
 .text          0x00000000080001c8       0x10 c:/st/stm32cubeide_1.7.0/stm32cubeide/plugins/com.st.stm32cube.ide.mcu.externaltools.gnu-tools-for-stm32.9-2020-q2-update.win32_2.0.0.202105311346/tools/bin/../lib/gcc/arm-none-eabi/9.3.1/../../../../arm-none-eabi/lib/thumb/v7e-m+fp/hard\libc_nano.a(lib_a-strlen.o)
                0x00000000080001c8                strlen
 *(.text*)
 .text.LL_GPIO_SetPinMode
                0x00000000080001d8       0x5a ./Drivers/STM32F3xx_HAL_Driver/Src/stm32f3xx_ll_gpio.o
 .text.LL_GPIO_SetPinOutputType
                0x0000000008000232       0x30 ./Drivers/STM32F3xx_HAL_Driver/Src/stm32f3xx_ll_gpio.o
 .text.LL_GPIO_SetPinSpeed
                0x0000000008000262       0x5a ./Drivers/STM32F3xx_HAL_Driver/Src/stm32f3xx_ll_gpio.o
 .text.LL_GPIO_SetPinPull
                0x00000000080002bc       0x5a ./Drivers/STM32F3xx_HAL_Driver/Src/stm32f3xx_ll_gpio.o
 .text.LL_GPIO_SetAFPin_0_7
                0x0000000008000316       0x5a ./Drivers/STM32F3xx_HAL_Driver/Src/stm32f3xx_ll_gpio.o
 .text.LL_GPIO_SetAFPin_8_15
                0x0000000008000370       0x5e ./Drivers/STM32F3xx_HAL_Driver/Src/stm32f3xx_ll_gpio.o
 .text.LL_GPIO_Init
                0x00000000080003ce       0xf4 ./Drivers/STM32F3xx_HAL_Driver/Src/stm32f3xx_ll_gpio.o
                0x00000000080003ce                LL_GPIO_Init
 .text.LL_TIM_SetPrescaler
                0x00000000080004c2       0x1c ./Drivers/STM32F3xx_HAL_Driver/Src/stm32f3xx_ll_tim.o
 .text.LL_TIM_SetAutoReload
                0x00000000080004de       0x1c ./Drivers/STM32F3xx_HAL_Driver/Src/stm32f3xx_ll_tim.o
 .text.LL_TIM_SetRepetitionCounter
                0x00000000080004fa       0x1c ./Drivers/STM32F3xx_HAL_Driver/Src/stm32f3xx_ll_tim.o
 .text.LL_TIM_OC_SetCompareCH1
                0x0000000008000516       0x1c ./Drivers/STM32F3xx_HAL_Driver/Src/stm32f3xx_ll_tim.o
 .text.LL_TIM_OC_SetCompareCH2
                0x0000000008000532       0x1c ./Drivers/STM32F3xx_HAL_Driver/Src/stm32f3xx_ll_tim.o
 .text.LL_TIM_OC_SetCompareCH3
                0x000000000800054e       0x1c ./Drivers/STM32F3xx_HAL_Driver/Src/stm32f3xx_ll_tim.o
 .text.LL_TIM_OC_SetCompareCH4
                0x000000000800056a       0x1c ./Drivers/STM32F3xx_HAL_Driver/Src/stm32f3xx_ll_tim.o
 .text.LL_TIM_OC_SetCompareCH5
                0x0000000008000586       0x1c ./Drivers/STM32F3xx_HAL_Driver/Src/stm32f3xx_ll_tim.o
 .text.LL_TIM_OC_SetCompareCH6
                0x00000000080005a2       0x1c ./Drivers/STM32F3xx_HAL_Driver/Src/stm32f3xx_ll_tim.o
 .text.LL_TIM_GenerateEvent_UPDATE
                0x00000000080005be       0x20 ./Drivers/STM32F3xx_HAL_Driver/Src/stm32f3xx_ll_tim.o
 *fill*         0x00000000080005de        0x2 
 .text.LL_TIM_Init
                0x00000000080005e0       0xe8 ./Drivers/STM32F3xx_HAL_Driver/Src/stm32f3xx_ll_tim.o
                0x00000000080005e0                LL_TIM_Init
 .text.LL_TIM_OC_Init
                0x00000000080006c8       0xbe ./Drivers/STM32F3xx_HAL_Driver/Src/stm32f3xx_ll_tim.o
                0x00000000080006c8                LL_TIM_OC_Init
 *fill*         0x0000000008000786        0x2 
 .text.OC1Config
                0x0000000008000788      0x100 ./Drivers/STM32F3xx_HAL_Driver/Src/stm32f3xx_ll_tim.o
 .text.OC2Config
                0x0000000008000888      0x108 ./Drivers/STM32F3xx_HAL_Driver/Src/stm32f3xx_ll_tim.o
 .text.OC3Config
                0x0000000008000990      0x108 ./Drivers/STM32F3xx_HAL_Driver/Src/stm32f3xx_ll_tim.o
 .text.OC4Config
                0x0000000008000a98       0xd8 ./Drivers/STM32F3xx_HAL_Driver/Src/stm32f3xx_ll_tim.o
 .text.OC5Config
                0x0000000008000b70       0xc4 ./Drivers/STM32F3xx_HAL_Driver/Src/stm32f3xx_ll_tim.o
 .text.OC6Config
                0x0000000008000c34       0xc4 ./Drivers/STM32F3xx_HAL_Driver/Src/stm32f3xx_ll_tim.o
 .text.LL_InitTick
                0x0000000008000cf8       0x34 ./Drivers/STM32F3xx_HAL_Driver/Src/stm32f3xx_ll_utils.o
 .text.LL_Init1msTick
                0x0000000008000d2c       0x1a ./Drivers/STM32F3xx_HAL_Driver/Src/stm32f3xx_ll_utils.o
                0x0000000008000d2c                LL_Init1msTick
 *fill*         0x0000000008000d46        0x2 
 .text.LL_mDelay
                0x0000000008000d48       0x4c ./Drivers/STM32F3xx_HAL_Driver/Src/stm32f3xx_ll_utils.o
                0x0000000008000d48                LL_mDelay
 .text.LL_SetSystemCoreClock
                0x0000000008000d94       0x20 ./Drivers/STM32F3xx_HAL_Driver/Src/stm32f3xx_ll_utils.o
                0x0000000008000d94                LL_SetSystemCoreClock
 .text.LL_TIM_ClearFlag_UPDATE
                0x0000000008000db4       0x1c ./Src/display.o
 .text.LL_TIM_IsActiveFlag_UPDATE
                0x0000000008000dd0       0x26 ./Src/display.o
 .text.LL_GPIO_SetOutputPin
                0x0000000008000df6       0x1c ./Src/display.o
 .text.LL_GPIO_ResetOutputPin
                0x0000000008000e12       0x1c ./Src/display.o
 *fill*         0x0000000008000e2e        0x2 
 .text.resetSegments
                0x0000000008000e30       0x58 ./Src/display.o
                0x0000000008000e30                resetSegments
 .text.setSegments
                0x0000000008000e88       0x58 ./Src/display.o
                0x0000000008000e88                setSegments
 .text.resetDigits
                0x0000000008000ee0       0x3a ./Src/display.o
                0x0000000008000ee0                resetDigits
 .text.setDigits
                0x0000000008000f1a       0x3a ./Src/display.o
                0x0000000008000f1a                setDigits
 .text.setDecimalPoint
                0x0000000008000f54       0x14 ./Src/display.o
                0x0000000008000f54                setDecimalPoint
 .text.setOne   0x0000000008000f68       0x1e ./Src/display.o
                0x0000000008000f68                setOne
 *fill*         0x0000000008000f86        0x2 
 .text.setTwo   0x0000000008000f88       0x3c ./Src/display.o
                0x0000000008000f88                setTwo
 .text.setThree
                0x0000000008000fc4       0x3c ./Src/display.o
                0x0000000008000fc4                setThree
 .text.setFour  0x0000000008001000       0x34 ./Src/display.o
                0x0000000008001000                setFour
 .text.setFive  0x0000000008001034       0x3c ./Src/display.o
                0x0000000008001034                setFive
 .text.setSix   0x0000000008001070       0x48 ./Src/display.o
                0x0000000008001070                setSix
 .text.setSeven
                0x00000000080010b8       0x28 ./Src/display.o
                0x00000000080010b8                setSeven
 .text.setEight
                0x00000000080010e0       0x50 ./Src/display.o
                0x00000000080010e0                setEight
 .text.setNine  0x0000000008001130       0x3c ./Src/display.o
                0x0000000008001130                setNine
 .text.setZero  0x000000000800116c       0x48 ./Src/display.o
                0x000000000800116c                setZero
 .text.setA     0x00000000080011b4       0x48 ./Src/display.o
                0x00000000080011b4                setA
 .text.seta     0x00000000080011fc       0x48 ./Src/display.o
                0x00000000080011fc                seta
 .text.setb     0x0000000008001244       0x3c ./Src/display.o
                0x0000000008001244                setb
 .text.setC     0x0000000008001280       0x34 ./Src/display.o
                0x0000000008001280                setC
 .text.setc     0x00000000080012b4       0x28 ./Src/display.o
                0x00000000080012b4                setc
 .text.setd     0x00000000080012dc       0x40 ./Src/display.o
                0x00000000080012dc                setd
 .text.setE     0x000000000800131c       0x3c ./Src/display.o
                0x000000000800131c                setE
 .text.setF     0x0000000008001358       0x34 ./Src/display.o
                0x0000000008001358                setF
 .text.setG     0x000000000800138c       0x40 ./Src/display.o
                0x000000000800138c                setG
 .text.setH     0x00000000080013cc       0x40 ./Src/display.o
                0x00000000080013cc                setH
 .text.seth     0x000000000800140c       0x34 ./Src/display.o
                0x000000000800140c                seth
 .text.setI     0x0000000008001440       0x20 ./Src/display.o
                0x0000000008001440                setI
 .text.setJ     0x0000000008001460       0x38 ./Src/display.o
                0x0000000008001460                setJ
 .text.setL     0x0000000008001498       0x28 ./Src/display.o
                0x0000000008001498                setL
 .text.setn     0x00000000080014c0       0x2c ./Src/display.o
                0x00000000080014c0                setn
 .text.setO     0x00000000080014ec       0x48 ./Src/display.o
                0x00000000080014ec                setO
 .text.seto     0x0000000008001534       0x34 ./Src/display.o
                0x0000000008001534                seto
 .text.setP     0x0000000008001568       0x3c ./Src/display.o
                0x0000000008001568                setP
 .text.setq     0x00000000080015a4       0x3c ./Src/display.o
                0x00000000080015a4                setq
 .text.setr     0x00000000080015e0       0x20 ./Src/display.o
                0x00000000080015e0                setr
 .text.setS     0x0000000008001600       0x3c ./Src/display.o
                0x0000000008001600                setS
 .text.sett     0x000000000800163c       0x30 ./Src/display.o
                0x000000000800163c                sett
 .text.setU     0x000000000800166c       0x40 ./Src/display.o
                0x000000000800166c                setU
 .text.setu     0x00000000080016ac       0x2c ./Src/display.o
                0x00000000080016ac                setu
 .text.sety     0x00000000080016d8       0x3c ./Src/display.o
                0x00000000080016d8                sety
 .text.setK     0x0000000008001714       0x40 ./Src/display.o
                0x0000000008001714                setK
 .text.setM     0x0000000008001754       0x30 ./Src/display.o
                0x0000000008001754                setM
 .text.setV     0x0000000008001784       0x28 ./Src/display.o
                0x0000000008001784                setV
 .text.setW     0x00000000080017ac       0x48 ./Src/display.o
                0x00000000080017ac                setW
 .text.setX     0x00000000080017f4       0x28 ./Src/display.o
                0x00000000080017f4                setX
 .text.setZ     0x000000000800181c       0x3c ./Src/display.o
                0x000000000800181c                setZ
 .text.set_     0x0000000008001858       0x14 ./Src/display.o
                0x0000000008001858                set_
 .text.setDigit
                0x000000000800186c       0x60 ./Src/display.o
                0x000000000800186c                setDigit
 .text.updateDisplay
                0x00000000080018cc      0x524 ./Src/display.o
                0x00000000080018cc                updateDisplay
 .text.TIM2_IRQHandler
                0x0000000008001df0       0x34 ./Src/display.o
                0x0000000008001df0                TIM2_IRQHandler
 .text.LL_AHB1_GRP1_EnableClock
                0x0000000008001e24       0x30 ./Src/gpio.o
 .text.LL_GPIO_ResetOutputPin
                0x0000000008001e54       0x1c ./Src/gpio.o
 .text.MX_GPIO_Init
                0x0000000008001e70       0x88 ./Src/gpio.o
                0x0000000008001e70                MX_GPIO_Init
 .text.NVIC_SetPriorityGrouping
                0x0000000008001ef8       0x48 ./Src/main.o
 .text.LL_RCC_HSI_Enable
                0x0000000008001f40       0x20 ./Src/main.o
 .text.LL_RCC_HSI_IsReady
                0x0000000008001f60       0x24 ./Src/main.o
 .text.LL_RCC_HSI_SetCalibTrimming
                0x0000000008001f84       0x2c ./Src/main.o
 .text.LL_RCC_SetSysClkSource
                0x0000000008001fb0       0x28 ./Src/main.o
 .text.LL_RCC_GetSysClkSource
                0x0000000008001fd8       0x1c ./Src/main.o
 .text.LL_RCC_SetAHBPrescaler
                0x0000000008001ff4       0x28 ./Src/main.o
 .text.LL_RCC_SetAPB1Prescaler
                0x000000000800201c       0x28 ./Src/main.o
 .text.LL_RCC_SetAPB2Prescaler
                0x0000000008002044       0x28 ./Src/main.o
 .text.LL_APB1_GRP1_EnableClock
                0x000000000800206c       0x30 ./Src/main.o
 .text.LL_APB2_GRP1_EnableClock
                0x000000000800209c       0x30 ./Src/main.o
 .text.LL_FLASH_SetLatency
                0x00000000080020cc       0x28 ./Src/main.o
 .text.LL_FLASH_GetLatency
                0x00000000080020f4       0x1c ./Src/main.o
 .text.LL_SYSTICK_SetClkSource
                0x0000000008002110       0x38 ./Src/main.o
 .text.LL_SYSTICK_EnableIT
                0x0000000008002148       0x20 ./Src/main.o
 .text.main     0x0000000008002168      0x14c ./Src/main.o
                0x0000000008002168                main
 .text.SystemClock_Config
                0x00000000080022b4       0x70 ./Src/main.o
                0x00000000080022b4                SystemClock_Config
 .text.Error_Handler
                0x0000000008002324        0xe ./Src/main.o
                0x0000000008002324                Error_Handler
 .text.NMI_Handler
                0x0000000008002332        0xe ./Src/stm32f3xx_it.o
                0x0000000008002332                NMI_Handler
 .text.HardFault_Handler
                0x0000000008002340        0x6 ./Src/stm32f3xx_it.o
                0x0000000008002340                HardFault_Handler
 .text.MemManage_Handler
                0x0000000008002346        0x6 ./Src/stm32f3xx_it.o
                0x0000000008002346                MemManage_Handler
 .text.BusFault_Handler
                0x000000000800234c        0x6 ./Src/stm32f3xx_it.o
                0x000000000800234c                BusFault_Handler
 .text.UsageFault_Handler
                0x0000000008002352        0x6 ./Src/stm32f3xx_it.o
                0x0000000008002352                UsageFault_Handler
 .text.SVC_Handler
                0x0000000008002358        0xe ./Src/stm32f3xx_it.o
                0x0000000008002358                SVC_Handler
 .text.DebugMon_Handler
                0x0000000008002366        0xe ./Src/stm32f3xx_it.o
                0x0000000008002366                DebugMon_Handler
 .text.PendSV_Handler
                0x0000000008002374        0xe ./Src/stm32f3xx_it.o
                0x0000000008002374                PendSV_Handler
 *fill*         0x0000000008002382        0x2 
 .text.SysTick_Handler
                0x0000000008002384       0x24 ./Src/stm32f3xx_it.o
                0x0000000008002384                SysTick_Handler
 .text.SystemInit
                0x00000000080023a8       0x94 ./Src/system_stm32f3xx.o
                0x00000000080023a8                SystemInit
 .text.NVIC_GetPriorityGrouping
                0x000000000800243c       0x1c ./Src/tim.o
 .text.NVIC_EnableIRQ
                0x0000000008002458       0x34 ./Src/tim.o
 .text.NVIC_SetPriority
                0x000000000800248c       0x54 ./Src/tim.o
 .text.NVIC_EncodePriority
                0x00000000080024e0       0x66 ./Src/tim.o
 *fill*         0x0000000008002546        0x2 
 .text.LL_APB1_GRP1_EnableClock
                0x0000000008002548       0x30 ./Src/tim.o
 .text.LL_TIM_EnableCounter
                0x0000000008002578       0x20 ./Src/tim.o
 .text.LL_TIM_EnableARRPreload
                0x0000000008002598       0x20 ./Src/tim.o
 .text.LL_TIM_OC_DisableFast
                0x00000000080025b8       0x9c ./Src/tim.o
 .text.LL_TIM_SetClockSource
                0x0000000008002654       0x2a ./Src/tim.o
 .text.LL_TIM_SetTriggerOutput
                0x000000000800267e       0x26 ./Src/tim.o
 .text.LL_TIM_DisableMasterSlaveMode
                0x00000000080026a4       0x20 ./Src/tim.o
 .text.LL_TIM_EnableIT_UPDATE
                0x00000000080026c4       0x20 ./Src/tim.o
 .text.MX_TIM2_Init
                0x00000000080026e4       0xd0 ./Src/tim.o
                0x00000000080026e4                MX_TIM2_Init
 .text.Reset_Handler
                0x00000000080027b4       0x50 ./Startup/startup_stm32f303k8tx.o
                0x00000000080027b4                Reset_Handler
 .text.Default_Handler
                0x0000000008002804        0x2 ./Startup/startup_stm32f303k8tx.o
                0x0000000008002804                RTC_Alarm_IRQHandler
                0x0000000008002804                TIM1_CC_IRQHandler
                0x0000000008002804                PVD_IRQHandler
                0x0000000008002804                TAMP_STAMP_IRQHandler
                0x0000000008002804                EXTI3_IRQHandler
                0x0000000008002804                EXTI0_IRQHandler
                0x0000000008002804                FPU_IRQHandler
                0x0000000008002804                CAN_TX_IRQHandler
                0x0000000008002804                TIM1_UP_TIM16_IRQHandler
                0x0000000008002804                ADC1_2_IRQHandler
                0x0000000008002804                SPI1_IRQHandler
                0x0000000008002804                CAN_SCE_IRQHandler
                0x0000000008002804                DMA1_Channel4_IRQHandler
                0x0000000008002804                USART3_IRQHandler
                0x0000000008002804                DMA1_Channel7_IRQHandler
                0x0000000008002804                TIM7_DAC2_IRQHandler
                0x0000000008002804                CAN_RX1_IRQHandler
                0x0000000008002804                I2C1_EV_IRQHandler
                0x0000000008002804                DMA1_Channel6_IRQHandler
                0x0000000008002804                TIM3_IRQHandler
                0x0000000008002804                RCC_IRQHandler
                0x0000000008002804                DMA1_Channel1_IRQHandler
                0x0000000008002804                Default_Handler
                0x0000000008002804                EXTI15_10_IRQHandler
                0x0000000008002804                COMP2_IRQHandler
                0x0000000008002804                TIM6_DAC1_IRQHandler
                0x0000000008002804                EXTI9_5_IRQHandler
                0x0000000008002804                RTC_WKUP_IRQHandler
                0x0000000008002804                DMA1_Channel5_IRQHandler
                0x0000000008002804                EXTI4_IRQHandler
                0x0000000008002804                TIM1_TRG_COM_TIM17_IRQHandler
                0x0000000008002804                DMA1_Channel3_IRQHandler
                0x0000000008002804                WWDG_IRQHandler
                0x0000000008002804                EXTI1_IRQHandler
                0x0000000008002804                COMP4_6_IRQHandler
                0x0000000008002804                USART2_IRQHandler
                0x0000000008002804                DMA1_Channel2_IRQHandler
                0x0000000008002804                FLASH_IRQHandler
                0x0000000008002804                USART1_IRQHandler
                0x0000000008002804                CAN_RX0_IRQHandler
                0x0000000008002804                I2C1_ER_IRQHandler
                0x0000000008002804                EXTI2_TSC_IRQHandler
                0x0000000008002804                TIM1_BRK_TIM15_IRQHandler
 *fill*         0x0000000008002806        0x2 
 .text.__libc_init_array
                0x0000000008002808       0x48 c:/st/stm32cubeide_1.7.0/stm32cubeide/plugins/com.st.stm32cube.ide.mcu.externaltools.gnu-tools-for-stm32.9-2020-q2-update.win32_2.0.0.202105311346/tools/bin/../lib/gcc/arm-none-eabi/9.3.1/../../../../arm-none-eabi/lib/thumb/v7e-m+fp/hard\libc_nano.a(lib_a-init.o)
                0x0000000008002808                __libc_init_array
 .text.memset   0x0000000008002850       0x10 c:/st/stm32cubeide_1.7.0/stm32cubeide/plugins/com.st.stm32cube.ide.mcu.externaltools.gnu-tools-for-stm32.9-2020-q2-update.win32_2.0.0.202105311346/tools/bin/../lib/gcc/arm-none-eabi/9.3.1/../../../../arm-none-eabi/lib/thumb/v7e-m+fp/hard\libc_nano.a(lib_a-memset.o)
                0x0000000008002850                memset
 *(.glue_7)
 .glue_7        0x0000000008002860        0x0 linker stubs
 *(.glue_7t)
 .glue_7t       0x0000000008002860        0x0 linker stubs
 *(.eh_frame)
 .eh_frame      0x0000000008002860        0x0 c:/st/stm32cubeide_1.7.0/stm32cubeide/plugins/com.st.stm32cube.ide.mcu.externaltools.gnu-tools-for-stm32.9-2020-q2-update.win32_2.0.0.202105311346/tools/bin/../lib/gcc/arm-none-eabi/9.3.1/thumb/v7e-m+fp/hard/crtbegin.o
 *(.init)
 .init          0x0000000008002860        0x4 c:/st/stm32cubeide_1.7.0/stm32cubeide/plugins/com.st.stm32cube.ide.mcu.externaltools.gnu-tools-for-stm32.9-2020-q2-update.win32_2.0.0.202105311346/tools/bin/../lib/gcc/arm-none-eabi/9.3.1/thumb/v7e-m+fp/hard/crti.o
                0x0000000008002860                _init
 .init          0x0000000008002864        0x8 c:/st/stm32cubeide_1.7.0/stm32cubeide/plugins/com.st.stm32cube.ide.mcu.externaltools.gnu-tools-for-stm32.9-2020-q2-update.win32_2.0.0.202105311346/tools/bin/../lib/gcc/arm-none-eabi/9.3.1/thumb/v7e-m+fp/hard/crtn.o
 *(.fini)
 .fini          0x000000000800286c        0x4 c:/st/stm32cubeide_1.7.0/stm32cubeide/plugins/com.st.stm32cube.ide.mcu.externaltools.gnu-tools-for-stm32.9-2020-q2-update.win32_2.0.0.202105311346/tools/bin/../lib/gcc/arm-none-eabi/9.3.1/thumb/v7e-m+fp/hard/crti.o
                0x000000000800286c                _fini
 .fini          0x0000000008002870        0x8 c:/st/stm32cubeide_1.7.0/stm32cubeide/plugins/com.st.stm32cube.ide.mcu.externaltools.gnu-tools-for-stm32.9-2020-q2-update.win32_2.0.0.202105311346/tools/bin/../lib/gcc/arm-none-eabi/9.3.1/thumb/v7e-m+fp/hard/crtn.o
                0x0000000008002878                . = ALIGN (0x4)
                0x0000000008002878                _etext = .

.vfp11_veneer   0x0000000008002878        0x0
 .vfp11_veneer  0x0000000008002878        0x0 linker stubs

.v4_bx          0x0000000008002878        0x0
 .v4_bx         0x0000000008002878        0x0 linker stubs

.iplt           0x0000000008002878        0x0
 .iplt          0x0000000008002878        0x0 c:/st/stm32cubeide_1.7.0/stm32cubeide/plugins/com.st.stm32cube.ide.mcu.externaltools.gnu-tools-for-stm32.9-2020-q2-update.win32_2.0.0.202105311346/tools/bin/../lib/gcc/arm-none-eabi/9.3.1/thumb/v7e-m+fp/hard/crtbegin.o

.rodata         0x0000000008002878       0x18
                0x0000000008002878                . = ALIGN (0x4)
 *(.rodata)
 *(.rodata*)
 .rodata.OFFSET_TAB_CCMRx
                0x0000000008002878        0x9 ./Src/tim.o
 *fill*         0x0000000008002881        0x3 
 .rodata.SHIFT_TAB_OCxx
                0x0000000008002884        0x9 ./Src/tim.o
                0x0000000008002890                . = ALIGN (0x4)
 *fill*         0x000000000800288d        0x3 

.rel.dyn        0x0000000008002890        0x0
 .rel.iplt      0x0000000008002890        0x0 c:/st/stm32cubeide_1.7.0/stm32cubeide/plugins/com.st.stm32cube.ide.mcu.externaltools.gnu-tools-for-stm32.9-2020-q2-update.win32_2.0.0.202105311346/tools/bin/../lib/gcc/arm-none-eabi/9.3.1/thumb/v7e-m+fp/hard/crtbegin.o

.ARM.extab      0x0000000008002890        0x0
                0x0000000008002890                . = ALIGN (0x4)
 *(.ARM.extab* .gnu.linkonce.armextab.*)
                0x0000000008002890                . = ALIGN (0x4)

.ARM            0x0000000008002890        0x0
                0x0000000008002890                . = ALIGN (0x4)
                0x0000000008002890                __exidx_start = .
 *(.ARM.exidx*)
                0x0000000008002890                __exidx_end = .
                0x0000000008002890                . = ALIGN (0x4)

.preinit_array  0x0000000008002890        0x0
                0x0000000008002890                . = ALIGN (0x4)
                0x0000000008002890                PROVIDE (__preinit_array_start = .)
 *(.preinit_array*)
                0x0000000008002890                PROVIDE (__preinit_array_end = .)
                0x0000000008002890                . = ALIGN (0x4)

.init_array     0x0000000008002890        0x4
                0x0000000008002890                . = ALIGN (0x4)
                0x0000000008002890                PROVIDE (__init_array_start = .)
 *(SORT_BY_NAME(.init_array.*))
 *(.init_array*)
 .init_array    0x0000000008002890        0x4 c:/st/stm32cubeide_1.7.0/stm32cubeide/plugins/com.st.stm32cube.ide.mcu.externaltools.gnu-tools-for-stm32.9-2020-q2-update.win32_2.0.0.202105311346/tools/bin/../lib/gcc/arm-none-eabi/9.3.1/thumb/v7e-m+fp/hard/crtbegin.o
                0x0000000008002894                PROVIDE (__init_array_end = .)
                0x0000000008002894                . = ALIGN (0x4)

.fini_array     0x0000000008002894        0x4
                0x0000000008002894                . = ALIGN (0x4)
                [!provide]                        PROVIDE (__fini_array_start = .)
 *(SORT_BY_NAME(.fini_array.*))
 *(.fini_array*)
 .fini_array    0x0000000008002894        0x4 c:/st/stm32cubeide_1.7.0/stm32cubeide/plugins/com.st.stm32cube.ide.mcu.externaltools.gnu-tools-for-stm32.9-2020-q2-update.win32_2.0.0.202105311346/tools/bin/../lib/gcc/arm-none-eabi/9.3.1/thumb/v7e-m+fp/hard/crtbegin.o
                [!provide]                        PROVIDE (__fini_array_end = .)
                0x0000000008002898                . = ALIGN (0x4)
                0x0000000008002898                _sidata = LOADADDR (.data)

.data           0x0000000020000000       0x34 load address 0x0000000008002898
                0x0000000020000000                . = ALIGN (0x4)
                0x0000000020000000                _sdata = .
 *(.data)
 *(.data*)
 .data.retazec  0x0000000020000000       0x29 ./Src/main.o
                0x0000000020000000                retazec
 *fill*         0x0000000020000029        0x3 
 .data.pom      0x000000002000002c        0x4 ./Src/main.o
                0x000000002000002c                pom
 .data.SystemCoreClock
                0x0000000020000030        0x4 ./Src/system_stm32f3xx.o
                0x0000000020000030                SystemCoreClock
                0x0000000020000034                . = ALIGN (0x4)
                0x0000000020000034                _edata = .

.igot.plt       0x0000000020000034        0x0 load address 0x00000000080028cc
 .igot.plt      0x0000000020000034        0x0 c:/st/stm32cubeide_1.7.0/stm32cubeide/plugins/com.st.stm32cube.ide.mcu.externaltools.gnu-tools-for-stm32.9-2020-q2-update.win32_2.0.0.202105311346/tools/bin/../lib/gcc/arm-none-eabi/9.3.1/thumb/v7e-m+fp/hard/crtbegin.o
                0x0000000020000034                . = ALIGN (0x4)

.bss            0x0000000020000038       0x48 load address 0x00000000080028cc
                0x0000000020000038                _sbss = .
                0x0000000020000038                __bss_start__ = _sbss
 *(.bss)
 .bss           0x0000000020000038       0x1c c:/st/stm32cubeide_1.7.0/stm32cubeide/plugins/com.st.stm32cube.ide.mcu.externaltools.gnu-tools-for-stm32.9-2020-q2-update.win32_2.0.0.202105311346/tools/bin/../lib/gcc/arm-none-eabi/9.3.1/thumb/v7e-m+fp/hard/crtbegin.o
 *(.bss*)
 .bss.dDisplayData
                0x0000000020000054        0x7 ./Src/display.o
                0x0000000020000054                dDisplayData
 *fill*         0x000000002000005b        0x5 
 .bss.disp_time
                0x0000000020000060        0x8 ./Src/display.o
                0x0000000020000060                disp_time
 .bss.disp_time_saved
                0x0000000020000068        0x8 ./Src/display.o
                0x0000000020000068                disp_time_saved
 .bss.start     0x0000000020000070        0x4 ./Src/main.o
                0x0000000020000070                start
 *(COMMON)
 COMMON         0x0000000020000074        0x4 ./Src/display.o
                0x0000000020000074                pole
 COMMON         0x0000000020000078        0x8 ./Src/main.o
                0x0000000020000078                saved_time
                0x0000000020000080                . = ALIGN (0x4)
                0x0000000020000080                _ebss = .
                0x0000000020000080                __bss_end__ = _ebss

._user_heap_stack
                0x0000000020000080      0x600 load address 0x00000000080028cc
                0x0000000020000080                . = ALIGN (0x8)
                0x0000000020000080                PROVIDE (end = .)
                [!provide]                        PROVIDE (_end = .)
                0x0000000020000280                . = (. + _Min_Heap_Size)
 *fill*         0x0000000020000080      0x200 
                0x0000000020000680                . = (. + _Min_Stack_Size)
 *fill*         0x0000000020000280      0x400 
                0x0000000020000680                . = ALIGN (0x8)

/DISCARD/
 libc.a(*)
 libm.a(*)
 libgcc.a(*)

.ARM.attributes
                0x0000000000000000       0x30
 *(.ARM.attributes)
 .ARM.attributes
                0x0000000000000000       0x1e c:/st/stm32cubeide_1.7.0/stm32cubeide/plugins/com.st.stm32cube.ide.mcu.externaltools.gnu-tools-for-stm32.9-2020-q2-update.win32_2.0.0.202105311346/tools/bin/../lib/gcc/arm-none-eabi/9.3.1/thumb/v7e-m+fp/hard/crti.o
 .ARM.attributes
                0x000000000000001e       0x34 c:/st/stm32cubeide_1.7.0/stm32cubeide/plugins/com.st.stm32cube.ide.mcu.externaltools.gnu-tools-for-stm32.9-2020-q2-update.win32_2.0.0.202105311346/tools/bin/../lib/gcc/arm-none-eabi/9.3.1/thumb/v7e-m+fp/hard/crtbegin.o
 .ARM.attributes
                0x0000000000000052       0x34 ./Drivers/STM32F3xx_HAL_Driver/Src/stm32f3xx_ll_gpio.o
 .ARM.attributes
                0x0000000000000086       0x34 ./Drivers/STM32F3xx_HAL_Driver/Src/stm32f3xx_ll_tim.o
 .ARM.attributes
                0x00000000000000ba       0x34 ./Drivers/STM32F3xx_HAL_Driver/Src/stm32f3xx_ll_utils.o
 .ARM.attributes
                0x00000000000000ee       0x34 ./Src/display.o
 .ARM.attributes
                0x0000000000000122       0x34 ./Src/gpio.o
 .ARM.attributes
                0x0000000000000156       0x34 ./Src/main.o
 .ARM.attributes
                0x000000000000018a       0x34 ./Src/stm32f3xx_it.o
 .ARM.attributes
                0x00000000000001be       0x34 ./Src/system_stm32f3xx.o
 .ARM.attributes
                0x00000000000001f2       0x34 ./Src/tim.o
 .ARM.attributes
                0x0000000000000226       0x21 ./Startup/startup_stm32f303k8tx.o
 .ARM.attributes
                0x0000000000000247       0x34 c:/st/stm32cubeide_1.7.0/stm32cubeide/plugins/com.st.stm32cube.ide.mcu.externaltools.gnu-tools-for-stm32.9-2020-q2-update.win32_2.0.0.202105311346/tools/bin/../lib/gcc/arm-none-eabi/9.3.1/../../../../arm-none-eabi/lib/thumb/v7e-m+fp/hard\libc_nano.a(lib_a-init.o)
 .ARM.attributes
                0x000000000000027b       0x34 c:/st/stm32cubeide_1.7.0/stm32cubeide/plugins/com.st.stm32cube.ide.mcu.externaltools.gnu-tools-for-stm32.9-2020-q2-update.win32_2.0.0.202105311346/tools/bin/../lib/gcc/arm-none-eabi/9.3.1/../../../../arm-none-eabi/lib/thumb/v7e-m+fp/hard\libc_nano.a(lib_a-memset.o)
 .ARM.attributes
                0x00000000000002af       0x17 c:/st/stm32cubeide_1.7.0/stm32cubeide/plugins/com.st.stm32cube.ide.mcu.externaltools.gnu-tools-for-stm32.9-2020-q2-update.win32_2.0.0.202105311346/tools/bin/../lib/gcc/arm-none-eabi/9.3.1/../../../../arm-none-eabi/lib/thumb/v7e-m+fp/hard\libc_nano.a(lib_a-strlen.o)
 .ARM.attributes
                0x00000000000002c6       0x1e c:/st/stm32cubeide_1.7.0/stm32cubeide/plugins/com.st.stm32cube.ide.mcu.externaltools.gnu-tools-for-stm32.9-2020-q2-update.win32_2.0.0.202105311346/tools/bin/../lib/gcc/arm-none-eabi/9.3.1/thumb/v7e-m+fp/hard/crtn.o
OUTPUT(segment_display.elf elf32-littlearm)
LOAD linker stubs
LOAD c:/st/stm32cubeide_1.7.0/stm32cubeide/plugins/com.st.stm32cube.ide.mcu.externaltools.gnu-tools-for-stm32.9-2020-q2-update.win32_2.0.0.202105311346/tools/bin/../lib/gcc/arm-none-eabi/9.3.1/../../../../arm-none-eabi/lib/thumb/v7e-m+fp/hard\libc.a
LOAD c:/st/stm32cubeide_1.7.0/stm32cubeide/plugins/com.st.stm32cube.ide.mcu.externaltools.gnu-tools-for-stm32.9-2020-q2-update.win32_2.0.0.202105311346/tools/bin/../lib/gcc/arm-none-eabi/9.3.1/../../../../arm-none-eabi/lib/thumb/v7e-m+fp/hard\libm.a
LOAD c:/st/stm32cubeide_1.7.0/stm32cubeide/plugins/com.st.stm32cube.ide.mcu.externaltools.gnu-tools-for-stm32.9-2020-q2-update.win32_2.0.0.202105311346/tools/bin/../lib/gcc/arm-none-eabi/9.3.1/thumb/v7e-m+fp/hard\libgcc.a

.debug_info     0x0000000000000000     0x5b2e
 .debug_info    0x0000000000000000      0x7ce ./Drivers/STM32F3xx_HAL_Driver/Src/stm32f3xx_ll_gpio.o
 .debug_info    0x00000000000007ce     0x1093 ./Drivers/STM32F3xx_HAL_Driver/Src/stm32f3xx_ll_tim.o
 .debug_info    0x0000000000001861      0x87b ./Drivers/STM32F3xx_HAL_Driver/Src/stm32f3xx_ll_utils.o
 .debug_info    0x00000000000020dc     0x123f ./Src/display.o
 .debug_info    0x000000000000331b      0x43a ./Src/gpio.o
 .debug_info    0x0000000000003755     0x110f ./Src/main.o
 .debug_info    0x0000000000004864      0x279 ./Src/stm32f3xx_it.o
 .debug_info    0x0000000000004add      0x439 ./Src/system_stm32f3xx.o
 .debug_info    0x0000000000004f16      0xbf6 ./Src/tim.o
 .debug_info    0x0000000000005b0c       0x22 ./Startup/startup_stm32f303k8tx.o

.debug_abbrev   0x0000000000000000     0x1185
 .debug_abbrev  0x0000000000000000      0x23b ./Drivers/STM32F3xx_HAL_Driver/Src/stm32f3xx_ll_gpio.o
 .debug_abbrev  0x000000000000023b      0x22b ./Drivers/STM32F3xx_HAL_Driver/Src/stm32f3xx_ll_tim.o
 .debug_abbrev  0x0000000000000466      0x293 ./Drivers/STM32F3xx_HAL_Driver/Src/stm32f3xx_ll_utils.o
 .debug_abbrev  0x00000000000006f9      0x28e ./Src/display.o
 .debug_abbrev  0x0000000000000987      0x17d ./Src/gpio.o
 .debug_abbrev  0x0000000000000b04      0x2b0 ./Src/main.o
 .debug_abbrev  0x0000000000000db4       0xad ./Src/stm32f3xx_it.o
 .debug_abbrev  0x0000000000000e61      0x129 ./Src/system_stm32f3xx.o
 .debug_abbrev  0x0000000000000f8a      0x1e9 ./Src/tim.o
 .debug_abbrev  0x0000000000001173       0x12 ./Startup/startup_stm32f303k8tx.o

.debug_aranges  0x0000000000000000      0x680
 .debug_aranges
                0x0000000000000000       0x70 ./Drivers/STM32F3xx_HAL_Driver/Src/stm32f3xx_ll_gpio.o
 .debug_aranges
                0x0000000000000070      0x148 ./Drivers/STM32F3xx_HAL_Driver/Src/stm32f3xx_ll_tim.o
 .debug_aranges
                0x00000000000001b8       0xf0 ./Drivers/STM32F3xx_HAL_Driver/Src/stm32f3xx_ll_utils.o
 .debug_aranges
                0x00000000000002a8      0x1d0 ./Src/display.o
 .debug_aranges
                0x0000000000000478       0x30 ./Src/gpio.o
 .debug_aranges
                0x00000000000004a8       0xa8 ./Src/main.o
 .debug_aranges
                0x0000000000000550       0x60 ./Src/stm32f3xx_it.o
 .debug_aranges
                0x00000000000005b0       0x28 ./Src/system_stm32f3xx.o
 .debug_aranges
                0x00000000000005d8       0x80 ./Src/tim.o
 .debug_aranges
                0x0000000000000658       0x28 ./Startup/startup_stm32f303k8tx.o

.debug_ranges   0x0000000000000000      0x5e8
 .debug_ranges  0x0000000000000000       0x60 ./Drivers/STM32F3xx_HAL_Driver/Src/stm32f3xx_ll_gpio.o
 .debug_ranges  0x0000000000000060      0x138 ./Drivers/STM32F3xx_HAL_Driver/Src/stm32f3xx_ll_tim.o
 .debug_ranges  0x0000000000000198       0xe0 ./Drivers/STM32F3xx_HAL_Driver/Src/stm32f3xx_ll_utils.o
 .debug_ranges  0x0000000000000278      0x1c0 ./Src/display.o
 .debug_ranges  0x0000000000000438       0x20 ./Src/gpio.o
 .debug_ranges  0x0000000000000458       0x98 ./Src/main.o
 .debug_ranges  0x00000000000004f0       0x50 ./Src/stm32f3xx_it.o
 .debug_ranges  0x0000000000000540       0x18 ./Src/system_stm32f3xx.o
 .debug_ranges  0x0000000000000558       0x70 ./Src/tim.o
 .debug_ranges  0x00000000000005c8       0x20 ./Startup/startup_stm32f303k8tx.o

.debug_macro    0x0000000000000000     0x35f1
 .debug_macro   0x0000000000000000      0x10c ./Drivers/STM32F3xx_HAL_Driver/Src/stm32f3xx_ll_gpio.o
 .debug_macro   0x000000000000010c      0x149 ./Drivers/STM32F3xx_HAL_Driver/Src/stm32f3xx_ll_gpio.o
 .debug_macro   0x0000000000000255       0xe5 ./Drivers/STM32F3xx_HAL_Driver/Src/stm32f3xx_ll_gpio.o
 .debug_macro   0x000000000000033a      0x179 ./Drivers/STM32F3xx_HAL_Driver/Src/stm32f3xx_ll_tim.o
 .debug_macro   0x00000000000004b3      0x800 ./Drivers/STM32F3xx_HAL_Driver/Src/stm32f3xx_ll_tim.o
 .debug_macro   0x0000000000000cb3      0x14a ./Drivers/STM32F3xx_HAL_Driver/Src/stm32f3xx_ll_utils.o
 .debug_macro   0x0000000000000dfd       0x30 ./Drivers/STM32F3xx_HAL_Driver/Src/stm32f3xx_ll_utils.o
 .debug_macro   0x0000000000000e2d      0x2a5 ./Drivers/STM32F3xx_HAL_Driver/Src/stm32f3xx_ll_utils.o
 .debug_macro   0x00000000000010d2       0xaf ./Drivers/STM32F3xx_HAL_Driver/Src/stm32f3xx_ll_utils.o
 .debug_macro   0x0000000000001181      0x2d6 ./Src/display.o
 .debug_macro   0x0000000000001457      0x102 ./Src/display.o
 .debug_macro   0x0000000000001559       0x28 ./Src/display.o
 .debug_macro   0x0000000000001581      0x287 ./Src/display.o
 .debug_macro   0x0000000000001808      0x806 ./Src/display.o
 .debug_macro   0x000000000000200e      0x14f ./Src/display.o
 .debug_macro   0x000000000000215d       0x22 ./Src/display.o
 .debug_macro   0x000000000000217f       0x52 ./Src/display.o
 .debug_macro   0x00000000000021d1       0x18 ./Src/display.o
 .debug_macro   0x00000000000021e9       0x3c ./Src/display.o
 .debug_macro   0x0000000000002225       0x34 ./Src/display.o
 .debug_macro   0x0000000000002259       0x16 ./Src/display.o
 .debug_macro   0x000000000000226f       0x97 ./Src/display.o
 .debug_macro   0x0000000000002306      0x339 ./Src/display.o
 .debug_macro   0x000000000000263f       0xfd ./Src/display.o
 .debug_macro   0x000000000000273c       0x10 ./Src/display.o
 .debug_macro   0x000000000000274c       0x16 ./Src/display.o
 .debug_macro   0x0000000000002762       0x43 ./Src/display.o
 .debug_macro   0x00000000000027a5       0x34 ./Src/display.o
 .debug_macro   0x00000000000027d9       0x10 ./Src/display.o
 .debug_macro   0x00000000000027e9       0x58 ./Src/display.o
 .debug_macro   0x0000000000002841       0x71 ./Src/display.o
 .debug_macro   0x00000000000028b2       0x1c ./Src/display.o
 .debug_macro   0x00000000000028ce      0x12a ./Src/display.o
 .debug_macro   0x00000000000029f8       0x10 ./Src/display.o
 .debug_macro   0x0000000000002a08       0x1c ./Src/display.o
 .debug_macro   0x0000000000002a24       0x52 ./Src/display.o
 .debug_macro   0x0000000000002a76       0x22 ./Src/display.o
 .debug_macro   0x0000000000002a98       0x10 ./Src/display.o
 .debug_macro   0x0000000000002aa8       0x40 ./Src/display.o
 .debug_macro   0x0000000000002ae8       0xd5 ./Src/display.o
 .debug_macro   0x0000000000002bbd       0x1c ./Src/display.o
 .debug_macro   0x0000000000002bd9       0x3d ./Src/display.o
 .debug_macro   0x0000000000002c16       0x16 ./Src/display.o
 .debug_macro   0x0000000000002c2c      0x145 ./Src/display.o
 .debug_macro   0x0000000000002d71       0x16 ./Src/display.o
 .debug_macro   0x0000000000002d87       0x35 ./Src/display.o
 .debug_macro   0x0000000000002dbc       0x20 ./Src/display.o
 .debug_macro   0x0000000000002ddc       0x82 ./Src/display.o
 .debug_macro   0x0000000000002e5e      0x143 ./Src/gpio.o
 .debug_macro   0x0000000000002fa1      0x2ee ./Src/main.o
 .debug_macro   0x000000000000328f      0x143 ./Src/stm32f3xx_it.o
 .debug_macro   0x00000000000033d2       0xdc ./Src/system_stm32f3xx.o
 .debug_macro   0x00000000000034ae      0x143 ./Src/tim.o

.debug_line     0x0000000000000000     0x4f96
 .debug_line    0x0000000000000000      0x755 ./Drivers/STM32F3xx_HAL_Driver/Src/stm32f3xx_ll_gpio.o
 .debug_line    0x0000000000000755      0xbda ./Drivers/STM32F3xx_HAL_Driver/Src/stm32f3xx_ll_tim.o
 .debug_line    0x000000000000132f      0x8fd ./Drivers/STM32F3xx_HAL_Driver/Src/stm32f3xx_ll_utils.o
 .debug_line    0x0000000000001c2c      0xf9c ./Src/display.o
 .debug_line    0x0000000000002bc8      0x5dd ./Src/gpio.o
 .debug_line    0x00000000000031a5      0xa63 ./Src/main.o
 .debug_line    0x0000000000003c08      0x637 ./Src/stm32f3xx_it.o
 .debug_line    0x000000000000423f      0x4fd ./Src/system_stm32f3xx.o
 .debug_line    0x000000000000473c      0x7d9 ./Src/tim.o
 .debug_line    0x0000000000004f15       0x81 ./Startup/startup_stm32f303k8tx.o

.debug_str      0x0000000000000000    0x75cb6
 .debug_str     0x0000000000000000    0x646c6 ./Drivers/STM32F3xx_HAL_Driver/Src/stm32f3xx_ll_gpio.o
                                      0x64877 (size before relaxing)
 .debug_str     0x00000000000646c6     0x5cde ./Drivers/STM32F3xx_HAL_Driver/Src/stm32f3xx_ll_tim.o
                                      0x69793 (size before relaxing)
 .debug_str     0x000000000006a3a4     0x5087 ./Drivers/STM32F3xx_HAL_Driver/Src/stm32f3xx_ll_utils.o
                                      0x68559 (size before relaxing)
 .debug_str     0x000000000006f42b     0x611b ./Src/display.o
                                      0x72665 (size before relaxing)
 .debug_str     0x0000000000075546       0x45 ./Src/gpio.o
                                      0x6dd9f (size before relaxing)
 .debug_str     0x000000000007558b      0x17f ./Src/main.o
                                      0x726b9 (size before relaxing)
 .debug_str     0x000000000007570a       0xb8 ./Src/stm32f3xx_it.o
                                      0x6dd35 (size before relaxing)
 .debug_str     0x00000000000757c2       0xaa ./Src/system_stm32f3xx.o
                                      0x63559 (size before relaxing)
 .debug_str     0x000000000007586c      0x419 ./Src/tim.o
                                      0x6e387 (size before relaxing)
 .debug_str     0x0000000000075c85       0x31 ./Startup/startup_stm32f303k8tx.o
                                         0x95 (size before relaxing)

.comment        0x0000000000000000       0x53
 .comment       0x0000000000000000       0x53 ./Drivers/STM32F3xx_HAL_Driver/Src/stm32f3xx_ll_gpio.o
                                         0x54 (size before relaxing)
 .comment       0x0000000000000053       0x54 ./Drivers/STM32F3xx_HAL_Driver/Src/stm32f3xx_ll_tim.o
 .comment       0x0000000000000053       0x54 ./Drivers/STM32F3xx_HAL_Driver/Src/stm32f3xx_ll_utils.o
 .comment       0x0000000000000053       0x54 ./Src/display.o
 .comment       0x0000000000000053       0x54 ./Src/gpio.o
 .comment       0x0000000000000053       0x54 ./Src/main.o
 .comment       0x0000000000000053       0x54 ./Src/stm32f3xx_it.o
 .comment       0x0000000000000053       0x54 ./Src/system_stm32f3xx.o
 .comment       0x0000000000000053       0x54 ./Src/tim.o

.debug_frame    0x0000000000000000     0x18c0
 .debug_frame   0x0000000000000000      0x1c0 ./Drivers/STM32F3xx_HAL_Driver/Src/stm32f3xx_ll_gpio.o
 .debug_frame   0x00000000000001c0      0x5d0 ./Drivers/STM32F3xx_HAL_Driver/Src/stm32f3xx_ll_tim.o
 .debug_frame   0x0000000000000790      0x3dc ./Drivers/STM32F3xx_HAL_Driver/Src/stm32f3xx_ll_utils.o
 .debug_frame   0x0000000000000b6c      0x668 ./Src/display.o
 .debug_frame   0x00000000000011d4       0x84 ./Src/gpio.o
 .debug_frame   0x0000000000001258      0x2a4 ./Src/main.o
 .debug_frame   0x00000000000014fc      0x110 ./Src/stm32f3xx_it.o
 .debug_frame   0x000000000000160c       0x58 ./Src/system_stm32f3xx.o
 .debug_frame   0x0000000000001664      0x210 ./Src/tim.o
 .debug_frame   0x0000000000001874       0x2c c:/st/stm32cubeide_1.7.0/stm32cubeide/plugins/com.st.stm32cube.ide.mcu.externaltools.gnu-tools-for-stm32.9-2020-q2-update.win32_2.0.0.202105311346/tools/bin/../lib/gcc/arm-none-eabi/9.3.1/../../../../arm-none-eabi/lib/thumb/v7e-m+fp/hard\libc_nano.a(lib_a-init.o)
 .debug_frame   0x00000000000018a0       0x20 c:/st/stm32cubeide_1.7.0/stm32cubeide/plugins/com.st.stm32cube.ide.mcu.externaltools.gnu-tools-for-stm32.9-2020-q2-update.win32_2.0.0.202105311346/tools/bin/../lib/gcc/arm-none-eabi/9.3.1/../../../../arm-none-eabi/lib/thumb/v7e-m+fp/hard\libc_nano.a(lib_a-memset.o)
